WARNING: We recommend using a newer Android Gradle plugin to use compileSdk = 36

This Android Gradle plugin (8.7.2) was tested up to compileSdk = 35.

You are strongly encouraged to update your project to use a newer
Android Gradle plugin that has been tested with compileSdk = 36.

If you are already using the latest version of the Android Gradle plugin,
you may need to wait until a newer version with support for compileSdk = 36 is available.

For more information refer to the compatibility table:
https://d.android.com/r/tools/api-level-support

To suppress this warning, add/update
    android.suppressUnsupportedCompileSdk=36
to this project's gradle.properties.
> Task :app:preBuild UP-TO-DATE
> Task :app:preDebugBuild UP-TO-DATE
> Task :app:mergeDebugNativeDebugMetadata NO-SOURCE
> Task :app:checkKotlinGradlePluginConfigurationErrors SKIPPED
> Task :app:checkDebugAarMetadata UP-TO-DATE
> Task :app:generateDebugResValues UP-TO-DATE
> Task :app:mapDebugSourceSetPaths UP-TO-DATE
> Task :app:generateDebugResources UP-TO-DATE
> Task :app:mergeDebugResources UP-TO-DATE
> Task :app:packageDebugResources UP-TO-DATE
> Task :app:parseDebugLocalResources UP-TO-DATE
> Task :app:createDebugCompatibleScreenManifests UP-TO-DATE
> Task :app:extractDeepLinksDebug UP-TO-DATE
> Task :app:processDebugMainManifest UP-TO-DATE
> Task :app:processDebugManifest UP-TO-DATE
> Task :app:processDebugManifestForPackage UP-TO-DATE
> Task :app:processDebugResources UP-TO-DATE
> Task :app:kspDebugKotlin UP-TO-DATE
> Task :app:javaPreCompileDebug UP-TO-DATE
> Task :app:mergeDebugShaders UP-TO-DATE
> Task :app:compileDebugShaders NO-SOURCE
> Task :app:generateDebugAssets UP-TO-DATE
> Task :app:mergeDebugAssets UP-TO-DATE
> Task :app:compressDebugAssets UP-TO-DATE
> Task :app:checkDebugDuplicateClasses UP-TO-DATE
> Task :app:desugarDebugFileDependencies UP-TO-DATE
> Task :app:mergeExtDexDebug UP-TO-DATE
> Task :app:mergeLibDexDebug UP-TO-DATE
> Task :app:mergeDebugJniLibFolders UP-TO-DATE
> Task :app:mergeDebugNativeLibs UP-TO-DATE
> Task :app:stripDebugDebugSymbols UP-TO-DATE
> Task :app:validateSigningDebug UP-TO-DATE
> Task :app:writeDebugAppMetadata UP-TO-DATE
> Task :app:writeDebugSigningConfigVersions UP-TO-DATE

> Task :app:compileDebugKotlin FAILED
./gradlew : e: file:///C:/Users/ngjaz/O
neDrive/Documents/MobileProject/app/src
/main/java/com/jazwinn/fitnesstracker/d
omain/logic/RepCounterTest.kt:6:12 
Unresolved reference 'junit'.
At line:1 char:1
+ ./gradlew assembleDebug > 
build_output.txt 2>&1
+ ~~~~~~~~~~~~~~~~~~~~~~~~~~~~~~~~~~~~~
~~~~~~~~~~
    + CategoryInfo          : NotSpeci 
   fied: (e: file:///C:/U...erence 'j  
  unit'.:String) [], RemoteException
    + FullyQualifiedErrorId : NativeCo 
   mmandError
 
e: file:///C:/Users/ngjaz/OneDrive/Docu
ments/MobileProject/app/src/main/java/c
om/jazwinn/fitnesstracker/domain/logic/
RepCounterTest.kt:7:12 Unresolved 
reference 'junit'.
e: file:///C:/Users/ngjaz/OneDrive/Docu
ments/MobileProject/app/src/main/java/c
om/jazwinn/fitnesstracker/domain/logic/
RepCounterTest.kt:8:12 Unresolved 
reference 'junit'.
e: file:///C:/Users/ngjaz/OneDrive/Docu
ments/MobileProject/app/src/main/java/c
om/jazwinn/fitnesstracker/domain/logic/
RepCounterTest.kt:9:12 Unresolved 
reference 'mockito'.
e: file:///C:/Users/ngjaz/OneDrive/Docu
ments/MobileProject/app/src/main/java/c
om/jazwinn/fitnesstracker/domain/logic/
RepCounterTest.kt:10:12 Unresolved 
reference 'mockito'.
e: file:///C:/Users/ngjaz/OneDrive/Docu
ments/MobileProject/app/src/main/java/c
om/jazwinn/fitnesstracker/domain/logic/
RepCounterTest.kt:15:28 Unresolved 
reference 'mock'.
e: file:///C:/Users/ngjaz/OneDrive/Docu
ments/MobileProject/app/src/main/java/c
om/jazwinn/fitnesstracker/domain/logic/
RepCounterTest.kt:19:18 Unresolved 
reference 'mock'.
e: file:///C:/Users/ngjaz/OneDrive/Docu
ments/MobileProject/app/src/main/java/c
om/jazwinn/fitnesstracker/domain/logic/
RepCounterTest.kt:21:9 Unresolved 
reference 'when'.
e: file:///C:/Users/ngjaz/OneDrive/Docu
ments/MobileProject/app/src/main/java/c
om/jazwinn/fitnesstracker/domain/logic/
RepCounterTest.kt:22:9 Unresolved 
reference 'when'.
e: file:///C:/Users/ngjaz/OneDrive/Docu
ments/MobileProject/app/src/main/java/c
om/jazwinn/fitnesstracker/ui/screens/Ex
erciseScreen.kt:27:19 Unresolved 
reference 'accompanist'.
e: file:///C:/Users/ngjaz/OneDrive/Docu
ments/MobileProject/app/src/main/java/c
om/jazwinn/fitnesstracker/ui/screens/Ex
erciseScreen.kt:28:19 Unresolved 
reference 'accompanist'.
e: file:///C:/Users/ngjaz/OneDrive/Docu
ments/MobileProject/app/src/main/java/c
om/jazwinn/fitnesstracker/ui/screens/Ex
erciseScreen.kt:29:19 Unresolved 
reference 'accompanist'.
e: file:///C:/Users/ngjaz/OneDrive/Docu
ments/MobileProject/app/src/main/java/c
om/jazwinn/fitnesstracker/ui/screens/Ex
erciseScreen.kt:32:48 Unresolved 
reference 'ExerciseViewModel'.
e: file:///C:/Users/ngjaz/OneDrive/Docu
ments/MobileProject/app/src/main/java/c
om/jazwinn/fitnesstracker/ui/screens/Ex
erciseScreen.kt:35:8 Unresolved 
reference 'ExperimentalPermissionsApi'.
e: file:///C:/Users/ngjaz/OneDrive/Docu
ments/MobileProject/app/src/main/java/c
om/jazwinn/fitnesstracker/ui/screens/Ex
erciseScreen.kt:35:8 Annotation 
argument must be a compile-time 
constant.
e: file:///C:/Users/ngjaz/OneDrive/Docu
ments/MobileProject/app/src/main/java/c
om/jazwinn/fitnesstracker/ui/screens/Ex
erciseScreen.kt:44:33 Unresolved 
reference 'rememberPermissionState'.
e: file:///C:/Users/ngjaz/OneDrive/Docu
ments/MobileProject/app/src/main/java/c
om/jazwinn/fitnesstracker/ui/screens/Hi
storyScreen.kt:36:13 This material API 
is experimental and is likely to 
change or to be removed in the future.
e: file:///C:/Users/ngjaz/OneDrive/Docu
ments/MobileProject/app/src/main/java/c
om/jazwinn/fitnesstracker/ui/screens/Hi
storyScreen.kt:67:33 Unresolved 
reference 'background'.
e: file:///C:/Users/ngjaz/OneDrive/Docu
ments/MobileProject/app/src/main/java/c
om/jazwinn/fitnesstracker/ui/screens/Ho
meScreen.kt:14:19 Unresolved reference 
'accompanist'.
e: file:///C:/Users/ngjaz/OneDrive/Docu
ments/MobileProject/app/src/main/java/c
om/jazwinn/fitnesstracker/ui/screens/Ho
meScreen.kt:15:19 Unresolved reference 
'accompanist'.
e: file:///C:/Users/ngjaz/OneDrive/Docu
ments/MobileProject/app/src/main/java/c
om/jazwinn/fitnesstracker/ui/screens/Ho
meScreen.kt:19:8 Unresolved reference 
'ExperimentalPermissionsApi'.
e: file:///C:/Users/ngjaz/OneDrive/Docu
ments/MobileProject/app/src/main/java/c
om/jazwinn/fitnesstracker/ui/screens/Ho
meScreen.kt:19:8 Annotation argument 
must be a compile-time constant.
e: file:///C:/Users/ngjaz/OneDrive/Docu
ments/MobileProject/app/src/main/java/c
om/jazwinn/fitnesstracker/ui/screens/Ho
meScreen.kt:36:27 Unresolved reference 
'rememberMultiplePermissionsState'.
e: file:///C:/Users/ngjaz/OneDrive/Docu
ments/MobileProject/app/src/main/java/c
om/jazwinn/fitnesstracker/ui/screens/Ho
meScreen.kt:50:13 This material API is 
experimental and is likely to change 
or to be removed in the future.
e: file:///C:/Users/ngjaz/OneDrive/Docu
ments/MobileProject/app/src/main/java/c
om/jazwinn/fitnesstracker/ui/screens/Pr
ofileScreen.kt:29:13 This material API 
is experimental and is likely to 
change or to be removed in the future.

FAILURE: Build failed with an 
exception.

* What went wrong:
Execution failed for task 
':app:compileDebugKotlin'.
> A failure occurred while executing or
g.jetbrains.kotlin.compilerRunner.Gradl
eCompilerRunnerWithWorkers$GradleKotlin
CompilerWorkAction
   > Compilation error. See log for 
more details

* Try:
> Run with --stacktrace option to get 
the stack trace.
> Run with --info or --debug option to 
get more log output.
> Run with --scan to get full insights.
> Get more help at 
https://help.gradle.org.

29 actionable tasks: 1 executed, 28 up-to-date
BUILD FAILED in 3s
